
> pdf-compress@0.1.0 build
> next build

node.exe : [@sentry/nextjs] 
DEPRECATION WARNING: 
disableLogger is deprecated 
and will be removed in a 
future version. Use webpack.t
reeshake.removeDebugLogging 
instead. (Not supported with 
Turbopack.)
At C:\Program 
Files\nodejs\npm.ps1:29 
char:3
+   & $NODE_EXE $NPM_CLI_JS 
$args
+   
~~~~~~~~~~~~~~~~~~~~~~~~~~~~~
    + CategoryInfo           
   : NotSpecified: ([@sentr  
  y/nextjs...ith Turbopack   
 .):String) [], RemoteExc    
eption
    + FullyQualifiedErrorId  
   : NativeCommandError
 
Γצ▓ Next.js 16.1.6 (Turbopack)
- Experiments (use with caution):
  ┬╖ clientTraceMetadata

  Creating an optimized production build ...
[@sentry/nextjs] DEPRECATION 
WARNING: disableLogger is 
deprecated and will be 
removed in a future version. 
Use webpack.treeshake.removeD
ebugLogging instead. (Not 
supported with Turbopack.)

> Build error occurred
Error: Turbopack build 
failed with 2 errors:
./components/ResultsDisplay.t
sx:5:1
Export trackFileDownload 
doesn't exist in target 
module
[0m [90m 3 |[39m 
[36mimport[39m { 
useCallback[33m,[39m 
useEffect[33m,[39m 
useRef[33m,[39m useState } 
[36mfrom[39m 
[32m'react'[39m[33m;[39m
 [90m 4 |[39m 
[36mimport[39m { 
formatBytes[33m,[39m 
calculateSavings[33m,[39m 
getOutputFilename } 
[36mfrom[39m [32m'@/lib/ut
ils'[39m[33m;[39m
[31m[1m>[22m[39m[90m 5 
|[39m [36mimport[39m { 
trackFileDownload } 
[36mfrom[39m [32m'@/lib/an
alytics'[39m[33m;[39m
 [90m   |[39m [31m[1m^[2
2m[39m[31m[1m^[22m[39m[
31m[1m^[22m[39m[31m[1m^
[22m[39m[31m[1m^[22m[39m
[31m[1m^[22m[39m[31m[1m
^[22m[39m[31m[1m^[22m[3
9m[31m[1m^[22m[39m[31m[
1m^[22m[39m[31m[1m^[22m
[39m[31m[1m^[22m[39m[31m
[1m^[22m[39m[31m[1m^[22
m[39m[31m[1m^[22m[39m[3
1m[1m^[22m[39m[31m[1m^[
22m[39m[31m[1m^[22m[39m
[31m[1m^[22m[39m[31m[1m^
[22m[39m[31m[1m^[22m[39
m[31m[1m^[22m[39m[31m[1
m^[22m[39m[31m[1m^[22m[
39m[31m[1m^[22m[39m[31m
[1m^[22m[39m[31m[1m^[22m
[39m[31m[1m^[22m[39m[31
m[1m^[22m[39m[31m[1m^[2
2m[39m[31m[1m^[22m[39m[
31m[1m^[22m[39m[31m[1m^
[22m[39m[31m[1m^[22m[39m
[31m[1m^[22m[39m[31m[1m
^[22m[39m[31m[1m^[22m[3
9m[31m[1m^[22m[39m[31m[
1m^[22m[39m[31m[1m^[22m
[39m[31m[1m^[22m[39m[31m
[1m^[22m[39m[31m[1m^[22
m[39m[31m[1m^[22m[39m[3
1m[1m^[22m[39m[31m[1m^[
22m[39m[31m[1m^[22m[39m
[31m[1m^[22m[39m[31m[1m^
[22m[39m[31m[1m^[22m[39
m[31m[1m^[22m[39m[31m[1
m^[22m[39m
 [90m 6 |[39m 
[36mimport[39m { motion } 
[36mfrom[39m [32m'framer-m
otion'[39m[33m;[39m
 [90m 7 |[39m 
[36mimport[39m { [33mDownl
oad[39m[33m,[39m [33mRefr
eshCw[39m[33m,[39m [33mFi
leCheck[39m[33m,[39m [33m
ArrowRight[39m[33m,[39m 
[33mX[39m[33m,[39m 
[33mLoader2[39m } 
[36mfrom[39m [32m'lucide-r
eact'[39m[33m;[39m
 [90m 8 |[39m 
[36mimport[39m { twMerge } 
[36mfrom[39m [32m'tailwind
-merge'[39m[33m;[39m[0m

The export trackFileDownload 
was not found in module 
[project]/lib/analytics.ts 
[app-client] (ecmascript).
Did you mean to import 
trackDownload?
All exports of the module 
are statically known (It 
doesn't have dynamic 
exports). So it's known 
statically that the 
requested export doesn't 
exist.

Import traces:
  Client Component Browser:
    ./components/ResultsDispl
ay.tsx [Client Component 
Browser]
    ./app/compress/page.tsx 
[Client Component Browser]
    ./app/compress/page.tsx 
[Server Component]

  Client Component SSR:
    ./components/ResultsDispl
ay.tsx [Client Component SSR]
    ./app/compress/page.tsx 
[Client Component SSR]
    ./app/compress/page.tsx 
[Server Component]

  Server Component:
    ./components/ResultsDispl
ay.tsx
    ./components/index.ts
    ./app/layout.tsx


./components/ResultsDisplay.t
sx:5:1
Export trackFileDownload 
doesn't exist in target 
module
[0m [90m 3 |[39m 
[36mimport[39m { 
useCallback[33m,[39m 
useEffect[33m,[39m 
useRef[33m,[39m useState } 
[36mfrom[39m 
[32m'react'[39m[33m;[39m
 [90m 4 |[39m 
[36mimport[39m { 
formatBytes[33m,[39m 
calculateSavings[33m,[39m 
getOutputFilename } 
[36mfrom[39m [32m'@/lib/ut
ils'[39m[33m;[39m
[31m[1m>[22m[39m[90m 5 
|[39m [36mimport[39m { 
trackFileDownload } 
[36mfrom[39m [32m'@/lib/an
alytics'[39m[33m;[39m
 [90m   |[39m [31m[1m^[2
2m[39m[31m[1m^[22m[39m[
31m[1m^[22m[39m[31m[1m^
[22m[39m[31m[1m^[22m[39m
[31m[1m^[22m[39m[31m[1m
^[22m[39m[31m[1m^[22m[3
9m[31m[1m^[22m[39m[31m[
1m^[22m[39m[31m[1m^[22m
[39m[31m[1m^[22m[39m[31m
[1m^[22m[39m[31m[1m^[22
m[39m[31m[1m^[22m[39m[3
1m[1m^[22m[39m[31m[1m^[
22m[39m[31m[1m^[22m[39m
[31m[1m^[22m[39m[31m[1m^
[22m[39m[31m[1m^[22m[39
m[31m[1m^[22m[39m[31m[1
m^[22m[39m[31m[1m^[22m[
39m[31m[1m^[22m[39m[31m
[1m^[22m[39m[31m[1m^[22m
[39m[31m[1m^[22m[39m[31
m[1m^[22m[39m[31m[1m^[2
2m[39m[31m[1m^[22m[39m[
31m[1m^[22m[39m[31m[1m^
[22m[39m[31m[1m^[22m[39m
[31m[1m^[22m[39m[31m[1m
^[22m[39m[31m[1m^[22m[3
9m[31m[1m^[22m[39m[31m[
1m^[22m[39m[31m[1m^[22m
[39m[31m[1m^[22m[39m[31m
[1m^[22m[39m[31m[1m^[22
m[39m[31m[1m^[22m[39m[3
1m[1m^[22m[39m[31m[1m^[
22m[39m[31m[1m^[22m[39m
[31m[1m^[22m[39m[31m[1m^
[22m[39m[31m[1m^[22m[39
m[31m[1m^[22m[39m[31m[1
m^[22m[39m
 [90m 6 |[39m 
[36mimport[39m { motion } 
[36mfrom[39m [32m'framer-m
otion'[39m[33m;[39m
 [90m 7 |[39m 
[36mimport[39m { [33mDownl
oad[39m[33m,[39m [33mRefr
eshCw[39m[33m,[39m [33mFi
leCheck[39m[33m,[39m [33m
ArrowRight[39m[33m,[39m 
[33mX[39m[33m,[39m 
[33mLoader2[39m } 
[36mfrom[39m [32m'lucide-r
eact'[39m[33m;[39m
 [90m 8 |[39m 
[36mimport[39m { twMerge } 
[36mfrom[39m [32m'tailwind
-merge'[39m[33m;[39m[0m

The export trackFileDownload 
was not found in module 
[project]/lib/analytics.ts 
[app-ssr] (ecmascript).
Did you mean to import 
trackDownload?
All exports of the module 
are statically known (It 
doesn't have dynamic 
exports). So it's known 
statically that the 
requested export doesn't 
exist.

Import traces:
  Client Component Browser:
    ./components/ResultsDispl
ay.tsx [Client Component 
Browser]
    ./app/compress/page.tsx 
[Client Component Browser]
    ./app/compress/page.tsx 
[Server Component]

  Client Component SSR:
    ./components/ResultsDispl
ay.tsx [Client Component SSR]
    ./app/compress/page.tsx 
[Client Component SSR]
    ./app/compress/page.tsx 
[Server Component]

  Server Component:
    ./components/ResultsDispl
ay.tsx
    ./components/index.ts
    ./app/layout.tsx


    at <unknown> (./component
s/ResultsDisplay.tsx:5:1)
    at <unknown> (./component
s/ResultsDisplay.tsx:5:1)
